[{"outputs": [{"type": "metaio_image", "filename": "01_test.tif"}], "inputs": [{"type": "metaio_image", "filename": "01_test.tif"}], "error_messages": []}]